Loading dataset: locomo ...
  Loaded 10 conversations
  Split: 8 train / 2 test (seed=42)
  Pipeline source: src/context_bench/pipeline/full_context_pipeline.py

Evaluating baseline ...
  Baseline score: 0.5750  (f1=0.5750, mean_tokens=6692, n=40)

Starting search: 100 iterations, eval_n=8

/Users/npow/.local/share/uv/python/cpython-3.12.12-macos-aarch64-none/lib/python3.12/multiprocessing/resource_tracker.py:279: UserWarning: resource_tracker: There appear to be 1 leaked semaphore objects to clean up at shutdown
  warnings.warn('resource_tracker: There appear to be %d '
Loading dataset: locomo ...
Warning: You are sending unauthenticated requests to the HF Hub. Please set a HF_TOKEN to enable higher rate limits and faster downloads.
  Loaded 10 conversations
  Split: 8 train / 2 test (seed=42)
  Pipeline source: src/context_bench/pipeline/full_context_pipeline.py
  No checkpoint found — starting fresh

Evaluating baseline ...
  (resumed cached baseline)
  Baseline score: 0.5750  (f1=0.5750, mean_tokens=6692, n=40)

Starting search: 100 iterations, eval_n=3

Iter 1/100 | MUTATION ERROR: Mutator HTTP 504: Gateway Timeout — skipping
/Users/npow/.local/share/uv/python/cpython-3.12.12-macos-aarch64-none/lib/python3.12/multiprocessing/resource_tracker.py:279: UserWarning: resource_tracker: There appear to be 1 leaked semaphore objects to clean up at shutdown
  warnings.warn('resource_tracker: There appear to be %d '
Loading dataset: locomo ...
  Loaded 10 conversations
  Split: 8 train / 2 test (seed=42)
  Pipeline source: src/context_bench/pipeline/full_context_pipeline.py
  No checkpoint found — starting fresh

Evaluating baseline ...
  (resumed cached baseline)
  Baseline score: 0.5750  (f1=0.5750, mean_tokens=6692, n=40)

Starting search: 100 iterations, eval_n=3

Iter 1/100 | MUTATION ERROR: Mutator HTTP 504: Gateway Timeout — skipping
/Users/npow/.local/share/uv/python/cpython-3.12.12-macos-aarch64-none/lib/python3.12/multiprocessing/resource_tracker.py:279: UserWarning: resource_tracker: There appear to be 1 leaked semaphore objects to clean up at shutdown
  warnings.warn('resource_tracker: There appear to be %d '
Loading dataset: locomo ...
Warning: You are sending unauthenticated requests to the HF Hub. Please set a HF_TOKEN to enable higher rate limits and faster downloads.
  Loaded 10 conversations
  Split: 8 train / 2 test (seed=42)
  Pipeline source: src/context_bench/pipeline/full_context_pipeline.py
  No checkpoint found — starting fresh

Evaluating baseline ...
  (resumed cached baseline)
  Baseline score: 0.5750  (f1=0.5750, mean_tokens=6692, n=40)

Starting search: 100 iterations, eval_n=3

Iter 1/100 | MUTATION ERROR: Generated code has syntax errors after 3 attempts: invalid character '±' (U+00B1) (<proposed_pipeline>, line 5) — skipping
/Users/npow/.local/share/uv/python/cpython-3.12.12-macos-aarch64-none/lib/python3.12/multiprocessing/resource_tracker.py:279: UserWarning: resource_tracker: There appear to be 1 leaked semaphore objects to clean up at shutdown
  warnings.warn('resource_tracker: There appear to be %d '
Loading dataset: locomo ...
  Loaded 10 conversations
  Split: 8 train / 2 test (seed=42)
  Pipeline source: src/context_bench/pipeline/full_context_pipeline.py
  No checkpoint found — starting fresh

Evaluating baseline ...
  (resumed cached baseline)
  Baseline score: 0.5750  (f1=0.5750, mean_tokens=6692, n=40)

Starting search: 100 iterations, eval_n=3

Iter   1/100 | score=0.6667 (+0.0917) accepted | best=0.6667 | 2039.2s | add _build_alias_map, _build_query_terms, _decompose_question, _extract_date, _extract_facts_indexed, _extract_year, _lookup_entity_facts, _resolve_relative, _retrieve_for_question, _score_episodes, sub; remove _extract_date_from_text, _extract_facts, _extract_year_from_text, _resolve_relative_time, _retrieve, replace_last_month, replace_last_year, replace_months_ago, replace_years_ago
Iter 2/100 | MUTATION ERROR: Generated code has syntax errors after 3 attempts: invalid syntax (<proposed_pipeline>, line 4) — skipping
Iter 3/100 | MUTATION ERROR: Generated code has syntax errors after 3 attempts: unterminated string literal (detected at line 4) (<proposed_pipeline>, line 4) — skipping
/Users/npow/.local/share/uv/python/cpython-3.12.12-macos-aarch64-none/lib/python3.12/multiprocessing/resource_tracker.py:279: UserWarning: resource_tracker: There appear to be 1 leaked semaphore objects to clean up at shutdown
  warnings.warn('resource_tracker: There appear to be %d '
